feature@org.eclipse.php_feature=v20081102-1330,:pserver:anonymous@dev.eclipse.org:/cvsroot/tools,,org.eclipse.pdt/features/org.eclipse.php-feature
feature@org.eclipse.php.sdk_feature=v20081102-1330,:pserver:anonymous@dev.eclipse.org:/cvsroot/tools,,org.eclipse.pdt/features/org.eclipse.php.sdk-feature
feature@org.eclipse.php.test_feature=v20081102-1330,:pserver:anonymous@dev.eclipse.org:/cvsroot/tools,,org.eclipse.pdt/features/org.eclipse.php.test-feature
plugin@org.eclipse.php=v20081102-1330,:pserver:anonymous@dev.eclipse.org:/cvsroot/tools,,org.eclipse.pdt/plugins/org.eclipse.php
plugin@org.eclipse.php.core=v20081102-1330,:pserver:anonymous@dev.eclipse.org:/cvsroot/tools,,org.eclipse.pdt/plugins/org.eclipse.php.core
plugin@org.eclipse.php.debug.core=v20081102-1330,:pserver:anonymous@dev.eclipse.org:/cvsroot/tools,,org.eclipse.pdt/plugins/org.eclipse.php.debug.core
plugin@org.eclipse.php.debug.daemon=v20081102-1330,:pserver:anonymous@dev.eclipse.org:/cvsroot/tools,,org.eclipse.pdt/plugins/org.eclipse.php.debug.daemon
plugin@org.eclipse.php.debug.ui=v20081102-1330,:pserver:anonymous@dev.eclipse.org:/cvsroot/tools,,org.eclipse.pdt/plugins/org.eclipse.php.debug.ui
plugin@org.eclipse.php.server.core=v20081102-1330,:pserver:anonymous@dev.eclipse.org:/cvsroot/tools,,org.eclipse.pdt/plugins/org.eclipse.php.server.core
plugin@org.eclipse.php.server.ui=v20081102-1330,:pserver:anonymous@dev.eclipse.org:/cvsroot/tools,,org.eclipse.pdt/plugins/org.eclipse.php.server.ui
plugin@org.eclipse.php.ui=v20081102-1330,:pserver:anonymous@dev.eclipse.org:/cvsroot/tools,,org.eclipse.pdt/plugins/org.eclipse.php.ui
plugin@org.eclipse.php.help=v20081102-1330,:pserver:anonymous@dev.eclipse.org:/cvsroot/tools,,org.eclipse.pdt/plugins/org.eclipse.php.help
plugin@org.eclipse.php.test=v20081102-1330,:pserver:anonymous@dev.eclipse.org:/cvsroot/tools,,org.eclipse.pdt/tests/org.eclipse.php.test