plugin@org.eclipse.php=PHP_IDE_0_2_2_20060730,:pserver:anonymous@dev.eclipse.org:/cvsroot/tools,,
plugin@org.eclipse.php.core=PHP_IDE_0_2_2_20060730,:pserver:anonymous@dev.eclipse.org:/cvsroot/tools,,
plugin@org.eclipse.php.debug.core=PHP_IDE_0_2_2_20060730,:pserver:anonymous@dev.eclipse.org:/cvsroot/tools,,
plugin@org.eclipse.php.debug.daemon=PHP_IDE_0_2_2_20060730,:pserver:anonymous@dev.eclipse.org:/cvsroot/tools,,
plugin@org.eclipse.php.debug.ui=PHP_IDE_0_2_2_20060730,:pserver:anonymous@dev.eclipse.org:/cvsroot/tools,,
plugin@org.eclipse.php.server.core=PHP_IDE_0_2_2_20060730,:pserver:anonymous@dev.eclipse.org:/cvsroot/tools,,
plugin@org.eclipse.php.server.ui=PHP_IDE_0_2_2_20060730,:pserver:anonymous@dev.eclipse.org:/cvsroot/tools,,
plugin@org.eclipse.php.ui=PHP_IDE_0_2_2_20060730,:pserver:anonymous@dev.eclipse.org:/cvsroot/tools,,
plugin@org.eclipse.php.help=PHP_IDE_0_2_2_20060730,:pserver:anonymous@dev.eclipse.org:/cvsroot/tools,,
plugin@org.eclipse.php.delivery=PHP_IDE_0_2_2_20060730,:pserver:anonymous@dev.eclipse.org:/cvsroot/tools,,
feature@org.eclipse.php_feature=PHP_IDE_0_2_2_20060730,:pserver:anonymous@dev.eclipse.org:/cvsroot/tools,,org.eclipse.php-feature/
feature@org.eclipse.php.sdk=HEAD,:pserver:anonymous@dev.eclipse.org:/cvsroot/tools,,org.eclipse.php.sdk-feature/
