plugin@org.eclipse.php=STUDIO_6_0_0ALPHA6_RC6_20070311,:pserver:anonymous@dev.eclipse.org:/cvsroot/tools,
plugin@org.eclipse.php.core=STUDIO_6_0_0ALPHA6_RC6_20070311,:pserver:anonymous@dev.eclipse.org:/cvsroot/tools,
plugin@org.eclipse.php.debug.core=STUDIO_6_0_0ALPHA6_RC6_20070311,:pserver:anonymous@dev.eclipse.org:/cvsroot/tools,
plugin@org.eclipse.php.debug.daemon=STUDIO_6_0_0ALPHA6_RC6_20070311,:pserver:anonymous@dev.eclipse.org:/cvsroot/tools,
plugin@org.eclipse.php.debug.ui=STUDIO_6_0_0ALPHA6_RC6_20070311,:pserver:anonymous@dev.eclipse.org:/cvsroot/tools,
plugin@org.eclipse.php.server.core=STUDIO_6_0_0ALPHA6_RC6_20070311,:pserver:anonymous@dev.eclipse.org:/cvsroot/tools,
plugin@org.eclipse.php.server.ui=STUDIO_6_0_0ALPHA6_RC6_20070311,:pserver:anonymous@dev.eclipse.org:/cvsroot/tools,
plugin@org.eclipse.php.ui=STUDIO_6_0_0ALPHA6_RC6_20070311,:pserver:anonymous@dev.eclipse.org:/cvsroot/tools,
plugin@org.eclipse.php.help=STUDIO_6_0_0ALPHA6_RC6_20070311,:pserver:anonymous@dev.eclipse.org:/cvsroot/tools,
plugin@org.eclipse.php.delivery=STUDIO_6_0_0ALPHA6_RC6_20070311,:pserver:anonymous@dev.eclipse.org:/cvsroot/tools,
feature@org.eclipse.php_feature=STUDIO_6_0_0ALPHA6_RC6_20070311,:pserver:anonymous@dev.eclipse.org:/cvsroot/tools,,org.eclipse.php-feature/
feature@org.eclipse.php.sdk_feature=STUDIO_6_0_0ALPHA6_RC6_20070311,:pserver:anonymous@dev.eclipse.org:/cvsroot/tools,,org.eclipse.php.sdk-feature/
feature@org.eclipse.php.test_feature=STUDIO_6_0_0ALPHA6_RC6_20070311,:pserver:anonymous@dev.eclipse.org:/cvsroot/tools,,org.eclipse.php.test-feature/
plugin@org.eclipse.php.test=STUDIO_6_0_0ALPHA6_RC6_20070311,:pserver:anonymous@dev.eclipse.org:/cvsroot/tools,