!***************  PROJECT CONTRIBUTION  ******************************************************** 

!*** Special entries from eclipse
plugin@org.eclipse.test=v20081002,:pserver:anonymous@dev.eclipse.org:/cvsroot/eclipse,
fragment@org.eclipse.ant.optional.junit=v20080717,:pserver:anonymous@dev.eclipse.org:/cvsroot/eclipse,
#plugin@org.eclipse.dltk.core.tests=v20090610-1638,:pserver:anonymous@dev.eclipse.org:/cvsroot/technology,,org.eclipse.dltk/core/tests/org.eclipse.dltk.core.tests

!*** Project's plugins, features and fragments
feature@org.eclipse.php=v20090613-1236,:pserver:anonymous@dev.eclipse.org:/cvsroot/tools,,org.eclipse.pdt/features/org.eclipse.php-feature
feature@org.eclipse.php.sdk=v20090611-0930,:pserver:anonymous@dev.eclipse.org:/cvsroot/tools,,org.eclipse.pdt/features/org.eclipse.php.sdk-feature
feature@org.eclipse.php.test=v20090531-1447,:pserver:anonymous@dev.eclipse.org:/cvsroot/tools,,org.eclipse.pdt/features/org.eclipse.php.test-feature
plugin@org.eclipse.php=v20090531-1447,:pserver:anonymous@dev.eclipse.org:/cvsroot/tools,,org.eclipse.pdt/plugins/org.eclipse.php
plugin@org.eclipse.php.core=v20090617-2341,:pserver:anonymous@dev.eclipse.org:/cvsroot/tools,,org.eclipse.pdt/plugins/org.eclipse.php.core
plugin@org.eclipse.php.core.parser=v20090613-1505,:pserver:anonymous@dev.eclipse.org:/cvsroot/tools,,org.eclipse.pdt/plugins/org.eclipse.php.core.parser
plugin@org.eclipse.php.debug.core=v20090617-2341,:pserver:anonymous@dev.eclipse.org:/cvsroot/tools,,org.eclipse.pdt/plugins/org.eclipse.php.debug.core
plugin@org.eclipse.php.debug.daemon=v20090610-1903,:pserver:anonymous@dev.eclipse.org:/cvsroot/tools,,org.eclipse.pdt/plugins/org.eclipse.php.debug.daemon
plugin@org.eclipse.php.debug.ui=v20090607-1526,:pserver:anonymous@dev.eclipse.org:/cvsroot/tools,,org.eclipse.pdt/plugins/org.eclipse.php.debug.ui
plugin@org.eclipse.php.server.core=v20090610-1903,:pserver:anonymous@dev.eclipse.org:/cvsroot/tools,,org.eclipse.pdt/plugins/org.eclipse.php.server.core
plugin@org.eclipse.php.server.ui=v20090610-1903,:pserver:anonymous@dev.eclipse.org:/cvsroot/tools,,org.eclipse.pdt/plugins/org.eclipse.php.server.ui
plugin@org.eclipse.php.ui=v20090617-2341,:pserver:anonymous@dev.eclipse.org:/cvsroot/tools,,org.eclipse.pdt/plugins/org.eclipse.php.ui
plugin@org.eclipse.php.help=v20090617-2341,:pserver:anonymous@dev.eclipse.org:/cvsroot/tools,,org.eclipse.pdt/plugins/org.eclipse.php.help
plugin@org.eclipse.php.core.tests=v20090617-2341,:pserver:anonymous@dev.eclipse.org:/cvsroot/tools,,org.eclipse.pdt/tests/org.eclipse.php.core.tests