!***************  PROJECT CONTRIBUTION  ******************************************************** 

!*** Special entries from eclipse
plugin@org.eclipse.test=v20081002,:pserver:anonymous@dev.eclipse.org:/cvsroot/eclipse,
fragment@org.eclipse.ant.optional.junit=v20080717,:pserver:anonymous@dev.eclipse.org:/cvsroot/eclipse,

!*** Project's plugins, features and fragments
feature@org.eclipse.php=v20100519-1400,:pserver:anonymous@dev.eclipse.org:/cvsroot/tools,,org.eclipse.pdt/features/org.eclipse.php-feature
feature@org.eclipse.php.sdk=v20100519-1400,:pserver:anonymous@dev.eclipse.org:/cvsroot/tools,,org.eclipse.pdt/features/org.eclipse.php.sdk-feature
feature@org.eclipse.php.all=v20100519-1400,:pserver:anonymous@dev.eclipse.org:/cvsroot/tools,,org.eclipse.pdt/features/org.eclipse.php.all-feature
feature@org.eclipse.php.test=v20100519-1400,:pserver:anonymous@dev.eclipse.org:/cvsroot/tools,,org.eclipse.pdt/features/org.eclipse.php.test-feature
plugin@org.eclipse.php=v20100410-0300,:pserver:anonymous@dev.eclipse.org:/cvsroot/tools,,org.eclipse.pdt/plugins/org.eclipse.php
plugin@org.eclipse.php.core=v20100519-1700,:pserver:anonymous@dev.eclipse.org:/cvsroot/tools,,org.eclipse.pdt/plugins/org.eclipse.php.core
plugin@org.eclipse.php.core.parser=v20100410-0300,:pserver:anonymous@dev.eclipse.org:/cvsroot/tools,,org.eclipse.pdt/plugins/org.eclipse.php.core.parser
plugin@org.eclipse.php.debug.core=v20100505-0800,:pserver:anonymous@dev.eclipse.org:/cvsroot/tools,,org.eclipse.pdt/plugins/org.eclipse.php.debug.core
plugin@org.eclipse.php.debug.daemon=v20100410-0300,:pserver:anonymous@dev.eclipse.org:/cvsroot/tools,,org.eclipse.pdt/plugins/org.eclipse.php.debug.daemon
plugin@org.eclipse.php.debug.ui=v20100505-0800,:pserver:anonymous@dev.eclipse.org:/cvsroot/tools,,org.eclipse.pdt/plugins/org.eclipse.php.debug.ui
plugin@org.eclipse.php.server.core=v20100410-0300,:pserver:anonymous@dev.eclipse.org:/cvsroot/tools,,org.eclipse.pdt/plugins/org.eclipse.php.server.core
plugin@org.eclipse.php.server.ui=v20100505-0800,:pserver:anonymous@dev.eclipse.org:/cvsroot/tools,,org.eclipse.pdt/plugins/org.eclipse.php.server.ui
plugin@org.eclipse.php.ui=v20100519-1400,:pserver:anonymous@dev.eclipse.org:/cvsroot/tools,,org.eclipse.pdt/plugins/org.eclipse.php.ui
plugin@org.eclipse.php.help=v20100519-1400,:pserver:anonymous@dev.eclipse.org:/cvsroot/tools,,org.eclipse.pdt/plugins/org.eclipse.php.help
plugin@org.eclipse.php.core.tests=v20100519-1400,:pserver:anonymous@dev.eclipse.org:/cvsroot/tools,,org.eclipse.pdt/tests/org.eclipse.php.core.tests
plugin@org.eclipse.php.ui.tests=v20100519-1700,:pserver:anonymous@dev.eclipse.org:/cvsroot/tools,,org.eclipse.pdt/tests/org.eclipse.php.ui.tests
plugin@org.eclipse.php.core.performance.tests=v20100410-0300,:pserver:anonymous@dev.eclipse.org:/cvsroot/tools,,org.eclipse.pdt/tests/org.eclipse.php.core.performance.tests
plugin@org.eclipse.test.performance=v20100410-0300,:pserver:anonymous@dev.eclipse.org:/cvsroot/tools,,org.eclipse.pdt/tests/org.eclipse.test.performance
plugin@org.eclipse.test.performance.ui=v20100410-0300,:pserver:anonymous@dev.eclipse.org:/cvsroot/tools,,org.eclipse.pdt/tests/org.eclipse.test.performance.ui


!*** Mylyn bridge
feature@org.eclipse.php.mylyn=v20100519-1400,:pserver:anonymous@dev.eclipse.org:/cvsroot/tools,,org.eclipse.pdt/features/org.eclipse.php.mylyn-feature
plugin@org.eclipse.php.mylyn.ui=v20100410-0300,:pserver:anonymous@dev.eclipse.org:/cvsroot/tools,,org.eclipse.pdt/plugins/org.eclipse.php.mylyn.ui